------------------------------------------------------------
TimeQuest Timing Analyzer Summary
------------------------------------------------------------

Type  : Slow 1100mV 85C Model Setup 'C|pll_0|altera_pll_i|general[0].gpll~PLL_OUTPUT_COUNTER|divclk'
Slack : -7.441
TNS   : -581.752

Type  : Slow 1100mV 85C Model Hold 'C|pll_0|altera_pll_i|general[0].gpll~PLL_OUTPUT_COUNTER|divclk'
Slack : 0.365
TNS   : 0.000

Type  : Slow 1100mV 85C Model Minimum Pulse Width 'C|pll_0|altera_pll_i|general[0].gpll~FRACTIONAL_PLL|vcoph[0]'
Slack : 0.925
TNS   : 0.000

Type  : Slow 1100mV 85C Model Minimum Pulse Width 'C|pll_0|altera_pll_i|general[0].gpll~PLL_OUTPUT_COUNTER|divclk'
Slack : 3.910
TNS   : 0.000

Type  : Slow 1100mV 85C Model Minimum Pulse Width 'CLOCK_24[0]'
Slack : 9.900
TNS   : 0.000

Type  : Slow 1100mV 0C Model Setup 'C|pll_0|altera_pll_i|general[0].gpll~PLL_OUTPUT_COUNTER|divclk'
Slack : -7.449
TNS   : -548.286

Type  : Slow 1100mV 0C Model Hold 'C|pll_0|altera_pll_i|general[0].gpll~PLL_OUTPUT_COUNTER|divclk'
Slack : 0.366
TNS   : 0.000

Type  : Slow 1100mV 0C Model Minimum Pulse Width 'C|pll_0|altera_pll_i|general[0].gpll~FRACTIONAL_PLL|vcoph[0]'
Slack : 0.925
TNS   : 0.000

Type  : Slow 1100mV 0C Model Minimum Pulse Width 'C|pll_0|altera_pll_i|general[0].gpll~PLL_OUTPUT_COUNTER|divclk'
Slack : 3.858
TNS   : 0.000

Type  : Slow 1100mV 0C Model Minimum Pulse Width 'CLOCK_24[0]'
Slack : 9.926
TNS   : 0.000

Type  : Fast 1100mV 85C Model Setup 'C|pll_0|altera_pll_i|general[0].gpll~PLL_OUTPUT_COUNTER|divclk'
Slack : -0.714
TNS   : -11.436

Type  : Fast 1100mV 85C Model Hold 'C|pll_0|altera_pll_i|general[0].gpll~PLL_OUTPUT_COUNTER|divclk'
Slack : 0.181
TNS   : 0.000

Type  : Fast 1100mV 85C Model Minimum Pulse Width 'C|pll_0|altera_pll_i|general[0].gpll~FRACTIONAL_PLL|vcoph[0]'
Slack : 0.925
TNS   : 0.000

Type  : Fast 1100mV 85C Model Minimum Pulse Width 'C|pll_0|altera_pll_i|general[0].gpll~PLL_OUTPUT_COUNTER|divclk'
Slack : 4.171
TNS   : 0.000

Type  : Fast 1100mV 85C Model Minimum Pulse Width 'CLOCK_24[0]'
Slack : 9.643
TNS   : 0.000

Type  : Fast 1100mV 0C Model Setup 'C|pll_0|altera_pll_i|general[0].gpll~PLL_OUTPUT_COUNTER|divclk'
Slack : 0.227
TNS   : 0.000

Type  : Fast 1100mV 0C Model Hold 'C|pll_0|altera_pll_i|general[0].gpll~PLL_OUTPUT_COUNTER|divclk'
Slack : 0.171
TNS   : 0.000

Type  : Fast 1100mV 0C Model Minimum Pulse Width 'C|pll_0|altera_pll_i|general[0].gpll~FRACTIONAL_PLL|vcoph[0]'
Slack : 0.925
TNS   : 0.000

Type  : Fast 1100mV 0C Model Minimum Pulse Width 'C|pll_0|altera_pll_i|general[0].gpll~PLL_OUTPUT_COUNTER|divclk'
Slack : 4.161
TNS   : 0.000

Type  : Fast 1100mV 0C Model Minimum Pulse Width 'CLOCK_24[0]'
Slack : 9.632
TNS   : 0.000

------------------------------------------------------------
